// Jest Snapshot v1, https://goo.gl/fbAQLP

exports[`AddScheduleButton matches snapshot 1`] = `
<div
  className="realtive flex justify-between items-center group relative mx-auto mt-2 lg:mt-0 mb-3 w-1/3 h-11 font-bold bg-darkGray text-white shadow lg:w-full"
>
  <div
    className="green-peeper"
  />
  <button
    className="w-full"
    type="button"
  >
    LISA
  </button>
  <svg
    aria-hidden="true"
    className="svg-inline--fa fa-angle-right  right-0 absolute text-base text-white p-4 duration-150"
    data-icon="angle-right"
    data-prefix="fas"
    focusable="false"
    role="img"
    style={Object {}}
    viewBox="0 0 320 512"
    xmlns="http://www.w3.org/2000/svg"
  >
    <path
      d="M278.6 233.4c12.5 12.5 12.5 32.8 0 45.3l-160 160c-12.5 12.5-32.8 12.5-45.3 0s-12.5-32.8 0-45.3L210.7 256 73.4 118.6c-12.5-12.5-12.5-32.8 0-45.3s32.8-12.5 45.3 0l160 160z"
      fill="currentColor"
      style={Object {}}
    />
  </svg>
</div>
`;
