// Jest Snapshot v1, https://goo.gl/fbAQLP

exports[`DropdownOverlappingInput matches snapshot 1`] = `
<div
  className="relative flex flex-col"
>
  <label
    className="absolute left-0 ml-2 text-xs -top-2 text-gray-400 bg-transparent duration-200"
    htmlFor="input"
  />
  <input
    autoComplete="off"
    className="p-2 border w-full border-borderGray  rounded-none font-normal focus:outline-none focus:border-black"
    data-testid="option-1"
    name=""
    onBlur={[Function]}
    onChange={[Function]}
    onClick={[Function]}
    onMouseEnter={[Function]}
    onMouseLeave={[Function]}
    readOnly={false}
    type="text"
    value=""
  />
</div>
`;
