// Jest Snapshot v1, https://goo.gl/fbAQLP

exports[`Header if matches snapshot 1`] = `
<header
  className="flex flex-col fixed pb-1 lg:pb-0 top-0 left-1/2 -translate-x-1/2 max-w-6xl w-full z-10 bg-white"
>
  <div
    className="flex items-center lg:items-end justify-between py-4 px-4 lg:py-0 lg:pt-4"
  >
    <div
      className="w-40 h-full lg:w-80 lg:mb-4"
    >
      <a
        href="https://www.tlu.ee/haapsalu"
        rel="noopener noreferrer"
        target="_blank"
        title="Avaleht"
      >
        <svg>
          HK-est.svg
        </svg>
      </a>
    </div>
    <div
      className="flex flex-row space-x-12"
    >
      <div
        className="hidden lg:flex flex-row justify-end items-end h-full font-serif mt-16"
      >
        <div
          className="w-[0.1rem] h-7 bg-collegeGreen rotate-[15deg] mr-2 ml-3"
        />
        <a
          className="text-xl"
          href="https://start.hk.tlu.ee/sahtelbeta/sahtel/index.php"
          rel="noopener noreferrer"
          target="_blank"
        >
          <i>
            SAHTEL
          </i>
        </a>
        <div
          className="w-[0.1rem] h-7 bg-collegeGreen rotate-[15deg] mr-2 ml-3"
        />
        <a
          className="text-xl"
          href="https://images.pexels.com/photos/159711/books-bookstore-book-reading-159711.jpeg?auto=compress&cs=tinysrgb&w=1260&h=750&dpr=1"
          rel="noopener noreferrer"
          target="_blank"
        >
          <i>
            RIIUL
          </i>
        </a>
      </div>
      <div
        className="hidden relative lg:flex flex-col justify-end mb-1"
      >
        <div
          className="mt-4 w-28 cursor-pointer"
        >
          <div
            className="mx-auto w-12 h-12"
          >
            <img
              alt="User"
              className="w-full h-full rounded-full object-cover"
            />
          </div>
          <div
            className="text-lg mx-auto text-center"
          />
        </div>
      </div>
    </div>
    <div
      className="lg:hidden flex flex-row w-40 justify-end items-center space-x-7 pr-2"
    >
      <div
        className="relative pt-[0.1rem] pr-1"
      >
        <i
          className=" bi bi-sliders text-2xl cursor-pointer "
        />
      </div>
      <button
        className="  hamburger focus:outline-none"
        id="menu-btn"
        type="button"
      >
        <span
          className="hamburger-top"
        />
        <span
          className="hamburger-middle"
        />
        <span
          className="hamburger-bottom"
        />
      </button>
    </div>
  </div>
  <div
    className="w-full h-[0.2rem] bg-[#6c8298] border-solid border-1 border-[#d4d4d4]"
  />
</header>
`;
