// Jest Snapshot v1, https://goo.gl/fbAQLP

exports[`Input matches snapshot 1`] = `
<input
  autoComplete="off"
  className=""
  name=""
  onBlur={[Function]}
  onChange={[Function]}
  readOnly={false}
  type="text"
  value=""
/>
`;
