// Jest Snapshot v1, https://goo.gl/fbAQLP

exports[`LoginModal matches snapshot 1`] = `
Array [
  <div
    className="fixed top-0 left-0 w-full h-screen z-20 bg-neutral-900 opacity-70"
    data-testid="backdrop"
  />,
  <div
    className="fixed top-1/2 -translate-y-1/2 left-1/2 -translate-x-1/2 lg:translate-x-0 lg:translate-y-0 lg:left-auto lg:top-auto lg:relative w-auto h-auto space-y-2 bg-white p-4 rounded z-30 shadow-lg"
  >
    <div
      className="hidden lg:block absolute z-40 w-8 h-8 -rotate-45 -right-4 bg-white top-1/2 -translate-y-1/2"
    />
    <div
      className="pb-4 text-center"
    >
      <p />
    </div>
    <label>
      E-mail:
      <input
        autoComplete="off"
        className=""
        name="email"
        onBlur={[Function]}
        onChange={[Function]}
        readOnly={false}
        type="text"
        value=""
      />
    </label>
    <label>
      Parool:
      <input
        autoComplete="off"
        className=""
        name="password"
        onBlur={[Function]}
        onChange={[Function]}
        readOnly={false}
        type="password"
        value=""
      />
    </label>
    <div
      className="flex space-x-4"
    >
      <button
        className="border border-borderGray py-1 px-2 w-24 hover:bg-borderGray"
        onClick={[MockFunction]}
        type="button"
      >
        EI
      </button>
      <button
        className="border border-borderGray py-1 px-2 w-24 hover:bg-borderGray"
        onClick={[MockFunction]}
        type="button"
      >
        JAH
      </button>
    </div>
  </div>,
]
`;
