// Jest Snapshot v1, https://goo.gl/fbAQLP

exports[`Modal matches snapshot 1`] = `
Array [
  <div
    className="fixed top-0 left-0 w-full h-screen z-20 bg-neutral-900 opacity-70"
    data-testid="backdrop"
  />,
  <div
    className=" fixed top-1/3 w-11/12 lg:ml-32 lg:w-auto h-auto left-1/2 -translate-x-1/2 bg-white rounded z-30 shadow-lg animate-slideDown lg:top-1/4"
    data-testid="modal-overlay"
  >
    <div
      className="absolute hidden justify-center items-center w-full h-full bg-neutral-900 opacity-70 z-30"
    />
    <div
      className="p-4"
    >
      <div />
    </div>
  </div>,
]
`;
