// Jest Snapshot v1, https://goo.gl/fbAQLP

exports[`RequestError matches snapshot 1`] = `
<div
  className="p-4 lg:mt-3 border border-borderGray shadow shadow-borderGray w-full"
>
  <div
    className="flex justify-center py-4 text-4xl lg:text-6xl text-collegeRed"
  >
    <svg
      aria-hidden="true"
      className="svg-inline--fa fa-exclamation "
      data-icon="exclamation"
      data-prefix="fas"
      focusable="false"
      role="img"
      style={Object {}}
      viewBox="0 0 128 512"
      xmlns="http://www.w3.org/2000/svg"
    >
      <path
        d="M96 64c0-17.7-14.3-32-32-32S32 46.3 32 64V320c0 17.7 14.3 32 32 32s32-14.3 32-32V64zM64 480c22.1 0 40-17.9 40-40s-17.9-40-40-40s-40 17.9-40 40s17.9 40 40 40z"
        fill="currentColor"
        style={Object {}}
      />
    </svg>
  </div>
  <p
    className="pb-4"
  >
    Andmete laadimine eba√µnnestus!
  </p>
  <button
    className="py-1 px-8 my-4 border border-borderGray shadow hover:bg-borderGray hover:shadow-lg duration-150"
  >
    Uuesti
  </button>
</div>
`;
