// Jest Snapshot v1, https://goo.gl/fbAQLP

exports[`Modal matches snapshot 1`] = `
Array [
  <div
    className="fixed top-0 left-0 w-full h-screen z-20 bg-neutral-900 opacity-70"
    data-testid="backdrop"
  />,
  <div
    className="fixed top-1/3 lg:top-1/4 w-11/12 lg:w-96 h-auto left-1/2 -translate-x-1/2 bg-white rounded z-40 shadow-lg animate-slideDown undefined"
    data-testid="modal-overlay"
  >
    <div
      className="flex justify-center px-8 pt-8 pb-4 text-xl"
    >
      <p />
    </div>
  </div>,
]
`;
