// Jest Snapshot v1, https://goo.gl/fbAQLP

exports[`UserEditModal if matches snapshot 1`] = `
Array [
  <div
    className="fixed top-0 left-0 w-full h-screen z-20 bg-neutral-900 opacity-70"
    data-testid="backdrop"
    onClick={[Function]}
  />,
  <div
    className=" fixed top-1/3 w-11/12  lg:w-auto h-auto left-1/2 -translate-x-1/2 bg-white rounded z-30 shadow-lg animate-slideDown lg:top-1/4"
    data-testid="modal-overlay"
  >
    <div
      className="absolute hidden justify-center items-center w-full h-full bg-neutral-900 opacity-70 z-30"
    />
    <div
      className="p-4"
    >
      <div>
        <div
          className="relative flex flex-col"
        >
          <div
            className="relative flex justify-end"
          >
            <i
              className="bi bi-x-lg absolute text-3xl lg:text-xl -top-2 -right-2"
              onClick={[Function]}
            />
          </div>
          <div
            className="flex flex-col items-center mb-2 lg:min-w-[50rem]"
          >
            <h1
              className="font-bold text-lg my-2 mb-6"
            >
              UUE KASUTAJA LISAMINE
            </h1>
            <div
              className="w-full"
            >
              <div
                className="flex flex-col justify-center lg:flex-row space-x-0 space-y-4 lg:space-y-0 lg:mb-4 lg:space-x-4 w-full"
              >
                <div
                  className="relative"
                >
                  <label
                    className="absolute left-0 ml-2 text-xs -top-2 text-gray-400 bg-transparent duration-200"
                    htmlFor="input"
                  />
                  <input
                    autoComplete="off"
                    className="p-2 border border-borderGray  w-full rounded-none font-normal focus:outline-none focus:border-black"
                    name="firstName"
                    onBlur={[Function]}
                    onChange={[Function]}
                    onMouseEnter={[Function]}
                    onMouseLeave={[Function]}
                    placeholder="Eesnimi"
                    readOnly={false}
                    type="text"
                    value=""
                  />
                </div>
                <div
                  className="relative"
                >
                  <label
                    className="absolute left-0 ml-2 text-xs -top-2 text-gray-400 bg-transparent duration-200"
                    htmlFor="input"
                  />
                  <input
                    autoComplete="off"
                    className="p-2 border border-borderGray  w-full rounded-none font-normal focus:outline-none focus:border-black"
                    name="lastName"
                    onBlur={[Function]}
                    onChange={[Function]}
                    onMouseEnter={[Function]}
                    onMouseLeave={[Function]}
                    placeholder="Perenimi"
                    readOnly={false}
                    type="text"
                    value=""
                  />
                </div>
                <div
                  className="relative"
                >
                  <label
                    className="absolute left-0 ml-2 text-xs -top-2 text-gray-400 bg-transparent duration-200"
                    htmlFor="input"
                  />
                  <input
                    autoComplete="off"
                    className="p-2 border border-borderGray  w-full rounded-none font-normal focus:outline-none focus:border-black"
                    name="email"
                    onBlur={[Function]}
                    onChange={[Function]}
                    onMouseEnter={[Function]}
                    onMouseLeave={[Function]}
                    placeholder="Email"
                    readOnly={false}
                    type="text"
                    value=""
                  />
                </div>
                <div
                  className="relative flex flex-col"
                >
                  <label
                    className="absolute left-0 ml-2 text-xs -top-2 text-gray-400 bg-transparent duration-200"
                    htmlFor="input"
                  />
                  <input
                    autoComplete="off"
                    className="p-2 border w-full border-borderGray  rounded-none font-normal focus:outline-none focus:border-black"
                    data-testid="option-1"
                    name="role"
                    onBlur={[Function]}
                    onChange={[Function]}
                    onClick={[Function]}
                    onMouseEnter={[Function]}
                    onMouseLeave={[Function]}
                    placeholder="Roll"
                    readOnly={true}
                    type="text"
                    value=""
                  />
                </div>
                <div
                  className="w-24"
                >
                  <div
                    className="hidden lg:flex justify-end items-center"
                  >
                    <i
                      className="bi bi-plus text-4xl"
                      onClick={[Function]}
                    />
                  </div>
                </div>
              </div>
            </div>
          </div>
          <div
            className="flex justify-center lg:justify-between w-full pt-8"
          >
            <div
              className="relative"
            />
            <div
              className="relative"
            >
              <button
                className="btn-actions"
                name="create"
                onClick={[Function]}
                type="submit"
              >
                SALVESTA
              </button>
            </div>
          </div>
        </div>
      </div>
    </div>
  </div>,
]
`;
