// Jest Snapshot v1, https://goo.gl/fbAQLP

exports[`UserTabelContent matches snapshot 1`] = `undefined`;
